============================= test session starts =============================
platform win32 -- Python 3.14.2, pytest-9.0.2, pluggy-1.6.0 -- C:\Users\USER\AppData\Local\Programs\Python\Python314\python.exe
cachedir: .pytest_cache
rootdir: C:\Users\USER\projects\mme_devops
collecting ... collected 64 items

tests/test_all.py::TestMechanical::test_brinell_to_tensile PASSED        [  1%]
tests/test_all.py::TestMechanical::test_brinell_to_tensile_invalid PASSED [  3%]
tests/test_all.py::TestMechanical::test_vickers_to_tensile PASSED        [  4%]
tests/test_all.py::TestMechanical::test_hrc_to_hb_and_back PASSED        [  6%]
tests/test_all.py::TestMechanical::test_hrc_out_of_range PASSED          [  7%]
tests/test_all.py::TestMechanical::test_yield_strength PASSED            [  9%]
tests/test_all.py::TestMechanical::test_percent_elongation PASSED        [ 10%]
tests/test_all.py::TestMechanical::test_percent_reduction_area PASSED    [ 12%]
tests/test_all.py::TestMechanical::test_true_stress PASSED               [ 14%]
tests/test_all.py::TestMechanical::test_true_strain PASSED               [ 15%]
tests/test_all.py::TestMechanical::test_true_strain_invalid PASSED       [ 17%]
tests/test_all.py::TestMechanical::test_modulus_of_resilience PASSED     [ 18%]
tests/test_all.py::TestMechanical::test_basquin_fatigue PASSED           [ 20%]
tests/test_all.py::TestMechanical::test_basquin_stress PASSED            [ 21%]
tests/test_all.py::TestMechanical::test_charpy_toughness PASSED          [ 23%]
tests/test_all.py::TestThermal::test_fourier_heat_flux PASSED            [ 25%]
tests/test_all.py::TestThermal::test_linear_expansion PASSED             [ 26%]
tests/test_all.py::TestThermal::test_volumetric_expansion PASSED         [ 28%]
tests/test_all.py::TestThermal::test_composite_slab PASSED               [ 29%]
tests/test_all.py::TestThermal::test_newton_cooling PASSED               [ 31%]
tests/test_all.py::TestThermal::test_thermal_diffusivity PASSED          [ 32%]
tests/test_all.py::TestPhase::test_lever_rule PASSED                     [ 34%]
tests/test_all.py::TestPhase::test_gibbs_phase_rule PASSED               [ 35%]
tests/test_all.py::TestPhase::test_avrami PASSED                         [ 37%]
tests/test_all.py::TestPhase::test_carbon_equivalent PASSED              [ 39%]
tests/test_all.py::TestPhase::test_scheil PASSED                         [ 40%]
tests/test_all.py::TestPhase::test_scheil_invalid PASSED                 [ 42%]
tests/test_all.py::TestCorrosion::test_corrosion_rate_mpy PASSED         [ 43%]
tests/test_all.py::TestCorrosion::test_corrosion_rate_mmpy PASSED        [ 45%]
tests/test_all.py::TestCorrosion::test_pilling_bedworth PASSED           [ 46%]
tests/test_all.py::TestCorrosion::test_galvanic_potential PASSED         [ 48%]
tests/test_all.py::TestCorrosion::test_galvanic_unknown PASSED           [ 50%]
tests/test_all.py::TestCorrosion::test_parabolic_oxide PASSED            [ 51%]
tests/test_all.py::TestCasting::test_chvorinov PASSED                    [ 53%]
tests/test_all.py::TestCasting::test_modulus PASSED                      [ 54%]
tests/test_all.py::TestCasting::test_shrinkage PASSED                    [ 56%]
tests/test_all.py::TestCasting::test_fluidity PASSED                     [ 57%]
tests/test_all.py::TestCasting::test_cooling_rate PASSED                 [ 59%]
tests/test_all.py::TestCrystallography::test_apf_bcc PASSED              [ 60%]
tests/test_all.py::TestCrystallography::test_apf_fcc PASSED              [ 62%]
tests/test_all.py::TestCrystallography::test_apf_hcp FAILED              [ 64%]
tests/test_all.py::TestCrystallography::test_apf_sc PASSED               [ 65%]
tests/test_all.py::TestCrystallography::test_planar_density PASSED       [ 67%]
tests/test_all.py::TestCrystallography::test_linear_density PASSED       [ 68%]
tests/test_all.py::TestCrystallography::test_astm_grain_count PASSED     [ 70%]
tests/test_all.py::TestCrystallography::test_astm_grain_number PASSED    [ 71%]
tests/test_all.py::TestCrystallography::test_hall_petch PASSED           [ 73%]
tests/test_all.py::TestCrystallography::test_burgers_vector PASSED       [ 75%]
tests/test_all.py::TestComposites::test_rom_longitudinal PASSED          [ 76%]
tests/test_all.py::TestComposites::test_rom_transverse PASSED            [ 78%]
tests/test_all.py::TestComposites::test_composite_density PASSED         [ 79%]
tests/test_all.py::TestComposites::test_critical_fiber_length PASSED     [ 81%]
tests/test_all.py::TestComposites::test_halpin_tsai PASSED               [ 82%]
tests/test_all.py::TestStressStrain::test_hookes_stress PASSED           [ 84%]
tests/test_all.py::TestStressStrain::test_hookes_strain PASSED           [ 85%]
tests/test_all.py::TestStressStrain::test_poisson_strain PASSED          [ 87%]
tests/test_all.py::TestStressStrain::test_shear_modulus PASSED           [ 89%]
tests/test_all.py::TestStressStrain::test_bulk_modulus PASSED            [ 90%]
tests/test_all.py::TestStressStrain::test_von_mises PASSED               [ 92%]
tests/test_all.py::TestStressStrain::test_von_mises_hydrostatic PASSED   [ 93%]
tests/test_all.py::TestStressStrain::test_factor_of_safety PASSED        [ 95%]
tests/test_all.py::TestStressStrain::test_factor_of_safety_zero PASSED   [ 96%]
tests/test_all.py::TestStressStrain::test_stress_concentration PASSED    [ 98%]
tests/test_all.py::TestStressStrain::test_creep_rate PASSED              [100%]

================================== FAILURES ===================================
______________________ TestCrystallography.test_apf_hcp _______________________

self = <test_all.TestCrystallography object at 0x000002038FEDC640>

    def test_apf_hcp(self):
        apf = crystallography.apf_hcp(1.0)
>       assert apf == pytest.approx(0.7405, abs=0.01)
E       assert 0.9068996821171087 == 0.7405 ▒ 0.01
E         
E         comparison failed
E         Obtained: 0.9068996821171087
E         Expected: 0.7405 ▒ 0.01

tests\test_all.py:213: AssertionError
=========================== short test summary info ===========================
FAILED tests/test_all.py::TestCrystallography::test_apf_hcp - assert 0.906899...
======================== 1 failed, 63 passed in 0.44s =========================
